// Jest Snapshot v1, https://goo.gl/fbAQLP

exports[`w-movement-card.vue renders correctly 1`] = `
<router-link-stub
  ariacurrentvalue="page"
  class="w-movement-card"
  event="click"
  tag="button"
  to="[object Object]"
>
  <c-list-item-stub
    amount="2.000,40 €"
    ariadate=". 2 de enero de 2020"
    ariatitle="COMPRA:"
    comment=""
    info="2/1/2020"
    title="COMPRA"
  />
</router-link-stub>
`;
